// Jest Snapshot v1, https://goo.gl/fbAQLP

exports[`should take and match snapshot 1`] = `
<DocumentFragment>
  <div
    class="container"
  >
    <div
      class="MuiGrid-root MuiGrid-container MuiGrid-spacing-xs-1"
    />
  </div>
</DocumentFragment>
`;
