// Jest Snapshot v1, https://goo.gl/fbAQLP

exports[`should take and match snapshot 1`] = `
<DocumentFragment>
  <div
    class="container"
  >
    <div
      class="MuiPaper-root MuiCard-root root MuiPaper-elevation1 MuiPaper-rounded"
    >
      <div
        class="MuiCardHeader-root titleContainer"
      >
        <div
          class="MuiCardHeader-content"
        >
          <span
            class="MuiTypography-root MuiCardHeader-title MuiTypography-h5 MuiTypography-displayBlock"
          >
            App Name
          </span>
        </div>
      </div>
      <div
        class="MuiCardMedia-root media"
        style="background-image: url(/imageRecognition/imageRecognition.jpg);"
      />
      <div
        class="MuiCardContent-root"
      >
        <p
          class="MuiTypography-root descriptionContainer MuiTypography-body2 MuiTypography-colorTextSecondary"
        >
          Description here
        </p>
      </div>
      <div
        class="MuiCardActions-root actionContainer MuiCardActions-spacing"
      >
        <button
          class="MuiButtonBase-root MuiButton-root MuiButton-contained demoBtn"
          tabindex="0"
          type="button"
        >
          <span
            class="MuiButton-label"
          >
            Demo
          </span>
          <span
            class="MuiTouchRipple-root"
          />
        </button>
        <div
          class="learnMoreContainer"
        >
          More Details
          <button
            aria-label="learn-more"
            class="MuiButtonBase-root MuiIconButton-root learnMoreIcon"
            tabindex="0"
            type="button"
          >
            <span
              class="MuiIconButton-label"
            >
              <svg
                aria-hidden="true"
                class="MuiSvgIcon-root"
                focusable="false"
                viewBox="0 0 24 24"
              >
                <path
                  d="M16.01 11H4v2h12.01v3L20 12l-3.99-4z"
                />
              </svg>
            </span>
            <span
              class="MuiTouchRipple-root"
            />
          </button>
        </div>
      </div>
    </div>
  </div>
</DocumentFragment>
`;
