// Jest Snapshot v1, https://goo.gl/fbAQLP

exports[`should take and match snapshot 1`] = `
<DocumentFragment>
  <div>
    <canvas
      class="canvas"
    />
  </div>
</DocumentFragment>
`;
